// Jest Snapshot v1, https://goo.gl/fbAQLP

exports[`Header section renders Header correctly 1`] = `
<header
  className="menuContainer flex justify-evenly container mt-5 mb-5 pb-6 border-b ml-20"
>
  <div
    className="flex container mr-20"
  >
    <span>
      <img
        alt="planet"
        src="planet.png"
        width={60}
      />
    </span>
    <h1
      className="font-bold text-4xl px-5 mt-1"
    >
      Space Travelersâ€˜ Hub
    </h1>
  </div>
  <nav
    className="menuList mt-5 container ml-20 pl-20"
  >
    <a
      className="text-black font-thin mx-5"
      href="#/rockets"
      onClick={[Function]}
    >
      Rockets
    </a>
    <a
      className="text-black font-thin mx-5"
      href="#/missions"
      onClick={[Function]}
    >
      Missions
    </a>
    <a
      className="text-black font-thin mx-5"
      href="#/myProfile"
      onClick={[Function]}
    >
      My Profile
    </a>
  </nav>
</header>
`;
